[2026-03-14T03:01:38Z] START bash -lc KEEP_ALIVE=1 /mnt/d/run_spiral_wsl_native_dual_gpu.sh
Launching spiral-native-gpu0 on GPU 0
  container_id=70f00bb4ccdcf708d5e462bb0168733f09f226f854bc2f9738bca37acc4192a4
Launching spiral-native-gpu1 on GPU 1
  container_id=ac4f3986b2949d6ff52b4d37157b0dd22bc3ff514d8af5b05ca088b30e4ce5a1

Native WSL dual-GPU containers started:
  spiral-native-gpu0 -> GPU0
  spiral-native-gpu1 -> GPU1

Useful commands:
  docker logs -f spiral-native-gpu0
  docker logs -f spiral-native-gpu1
  docker exec -it spiral-native-gpu0 /bin/bash
  docker exec -it spiral-native-gpu1 /bin/bash

Current image: modular/max-nvidia-full:latest
Workspace mount: /mnt/d -> /workspace
Default command: mojo --version && mojo /workspace/spiral_validation.mojo
GPU0 command: mojo --version && mojo /workspace/spiral_validation.mojo
GPU1 command: mojo --version && mojo /workspace/spiral_validation.mojo
Keep alive: 1
Stack label: spiral.control=native-dual-gpu
